// Jest Snapshot v1, https://goo.gl/fbAQLP

exports[`matches snapshot 1`] = `
<DocumentFragment>
  <div
    class="Todo"
  >
    <div
      class="Todo-todo"
    />
    <button
      class="Todo-remove"
    >
      X
    </button>
  </div>
</DocumentFragment>
`;
